c000s000g000t074r012p012h61b10080*36
c000s000g005t074r012p012h59b10079*3E
c000s001g009t074r012p012h59b10079*33
c000s005g011t074r012p012h59b10079*3E
c000s005g011t074r012p012h59b10080*38
c000s006g011t074r012p012h59b10080*3B
c045s000g005t074r012p012h59b10079*3F
c045s000g007t074r012p012h59b10079*3D
c045s001g009t074r012p012h59b10079*32
c045s005g011t074r012p012h59b10080*39
c045s006g011t074r012p012h59b10079*3C
c090s000g000t074r012p012h59b10079*32
c090s000g000t074r012p012h61b10080*3F
c090s000g005t074r012p012h59b10079*37
c090s000g008t074r012p012h59b10079*3A
c090s001g009t074r012p012h59b10079*3A
c090s002g009t074r012p012h59b10078*38
c090s002g009t074r012p012h59b10079*39
c090s003g009t074r012p012h58b10078*38
c090s003g009t074r012p012h58b10079*39
c090s003g009t074r012p012h59b10078*39
c090s003g009t074r012p012h59b10079*38
c090s004g009t074r012p012h59b10078*3E
c090s004g009t074r012p012h59b10079*3F
c090s004g010t074r012p012h59b10078*36
c090s004g010t074r012p012h59b10079*37
c090s004g011t074r012p012h59b10078*37
c090s004g011t074r012p012h59b10079*36
c090s005g011t074r012p012h59b10078*36
c090s005g011t074r012p012h59b10079*37
c090s005g011t074r012p012h59b10080*31
c090s006g011t074r012p012h59b10079*34
c135s000g000t074r012p012h61b10080*31
c135s000g005t074r012p012h59b10079*39
c135s000g005t074r012p012h59b10080*3F
c180s000g000t074r012p012h59b10079*32
c180s000g005t074r012p012h59b10080*31
c225s000g000t074r012p012h61b10080*33
c225s000g005t074r012p012h59b10079*3B
c225s000g005t074r012p012h59b10080*3D
c225s005g011t074r012p012h59b10080*3D
c225s006g011t074r012p012h59b10079*38
c270s000g000t074r012p012h60b10079*34
c270s000g000t074r012p012h60b10080*32
c270s000g000t074r012p012h61b10080*33
c270s000g005t074r012p012h58b10079*3A
c270s000g005t074r012p012h58b10080*3C
c270s000g005t074r012p012h59b10079*3B
c270s000g005t074r012p012h59b10080*3D
c270s005g011t074r012p012h59b10079*3B
c315s000g000t073r000p012h59b10080*3E
c315s000g000t073r000p012h60b10080*34
c315s000g000t073r000p012h60b10081*35
c315s000g000t074r000p012h58b10079*3E
c315s000g000t074r000p012h58b10080*38
c315s000g000t074r000p012h59b10078*3E
c315s000g000t074r000p012h59b10079*3F
c315s000g000t074r000p012h59b10080*39
c315s000g000t074r000p012h59b10081*38
c315s000g000t074r000p012h60b10078*34
c315s000g000t074r000p012h60b10079*35
c315s000g000t074r000p012h60b10080*33
c315s000g000t074r000p012h60b10081*32
c315s000g000t074r012p012h58b10079*3D
c315s000g000t074r012p012h59b10078*3D
c315s000g000t074r012p012h59b10079*3C
c315s000g000t074r012p012h59b10080*3A
c315s000g000t074r012p012h60b10078*37
c315s000g000t074r012p012h60b10079*36
c315s000g000t074r012p012h60b10080*30
c315s000g000t074r012p012h61b10079*37
c315s000g000t074r012p012h61b10080*31
c315s000g000t074r012p012h61b10081*30
c315s000g001t074r012p012h59b10078*3C
c315s000g001t074r012p012h59b10079*3D
c315s000g002t074r012p012h59b10078*3F
c315s000g002t074r012p012h59b10079*3E
c315s000g003t074r012p012h59b10079*3F
c315s000g004t074r012p012h59b10078*39
c315s000g004t074r012p012h59b10079*38
c315s000g005t074r012p012h59b10079*39
c315s000g006t074r012p012h59b10079*3A
c315s000g007t074r012p012h59b10079*3B
c315s000g008t074r012p012h59b10079*34
c315s000g009t074r012p012h59b10079*35
c315s000g010t074r012p012h59b10079*3D
c315s000g011t074r012p012h58b10079*3D
c315s000g011t074r012p012h58b10080*3B
c315s000g011t074r012p012h58b10081*3A
c315s000g011t074r012p012h59b10079*3C
c315s000g011t074r012p012h59b10080*3A
c315s000g011t074r012p012h60b10079*36
c315s000g011t074r012p012h60b10080*30
c315s001g011t074r012p012h59b10079*3D
c315s001g011t074r012p012h59b10080*3B
c315s002g011t074r012p012h59b10079*3E
c315s002g011t074r012p012h60b10079*34
c315s002g011t074r012p012h60b10080*32
c315s002g011t074r012p012h61b10079*35
c315s003g011t074r012p012h60b10079*35
c315s003g011t074r012p012h60b10080*33
c315s003g011t074r012p012h61b10079*34
c315s004g011t074r012p012h59b10079*38
c315s004g011t074r012p012h60b10079*32
c315s005g011t074r012p012h58b10079*38
c315s005g011t074r012p012h59b10079*39
